[knightandnoblepublishers.com/index.html]
[cdn.jsdelivr.net/npm/bootstrap@4.0.0/dist/css/bootstrap.min.css]
[cdnjs.cloudflare.com/ajax/libs/font-awesome/4.7.0/css/font-awesome.min.css]
[knightandnoblepublishers.com/css/main.css]
[backblue.gif]
[fade.gif]
[index.html]
[knightandnoblepublishers.com/assets/google-font/font.css]
[knightandnoblepublishers.com/assets/css/bootstrap.min.css]
[knightandnoblepublishers.com/assets/css/offcanvas-menu.min.css]
[knightandnoblepublishers.com/assets/css/style.min.css]
[knightandnoblepublishers.com/images/fav.png]
[knightandnoblepublishers.com/assets/css/style_common.css]
[knightandnoblepublishers.com/assets/css/style1.css]
[knightandnoblepublishers.com/assets/css/mystyle.min.css]
[knightandnoblepublishers.com/assets/css/responsive.min.css]
[cdnjs.cloudflare.com/ajax/libs/font-awesome/5.13.0/css/all.min.css]
[knightandnoblepublishers.com/assets/slick/css/slick.min.css]
[knightandnoblepublishers.com/assets/slick/css/slick-theme.min.css]
[www.google.com/recaptcha/api.js]
[knightandnoblepublishers.com/images/logo.png]
[knightandnoblepublishers.com/about.html]
[knightandnoblepublishers.com/publication.html]
[knightandnoblepublishers.com/service-and-solution.html]
[knightandnoblepublishers.com/APC-edit.html]
[knightandnoblepublishers.com/APC-review.html]
[knightandnoblepublishers.com/APC-host.html]
[knightandnoblepublishers.com/APC-manage.html]
[knightandnoblepublishers.com/APC-advertise.html]
[knightandnoblepublishers.com/APC-funds.html]
[knightandnoblepublishers.com/images/mega1.png]
[knightandnoblepublishers.com/images/mega2.png]
[knightandnoblepublishers.com/reviews.html]
[knightandnoblepublishers.com/resources.html]
[knightandnoblepublishers.com/for-authors.html]
[knightandnoblepublishers.com/for-librarians.html]
[knightandnoblepublishers.com/for-conference-organizers.html]
[knightandnoblepublishers.com/for-industries-institutions.html]
[knightandnoblepublishers.com/APC-in-developing-countries.html]
[knightandnoblepublishers.com/funding-opportunities.html]
[knightandnoblepublishers.com/distribution.html]
[knightandnoblepublishers.com/contact-us.html]
[knightandnoblepublishers.com/images/banner-brands-compressed.webp]
[knightandnoblepublishers.com/images/logo-logobar.webp]
[knightandnoblepublishers.com/images/about-img-compressed.webp]
[knightandnoblepublishers.com/images/K&G icons-01.png]
[knightandnoblepublishers.com/images/K&G icons-02.png]
[knightandnoblepublishers.com/images/K&G icons-03.png]
[knightandnoblepublishers.com/images/K&G icons-04.png]
[knightandnoblepublishers.com/images/best-selling-book-compressed.webp]
[knightandnoblepublishers.com/images/user-1.webp]
[knightandnoblepublishers.com/images/user-2.webp]
[knightandnoblepublishers.com/images/user-3.webp]
[knightandnoblepublishers.com/images/user-4.webp]
[knightandnoblepublishers.com/images/user-5.webp]
[knightandnoblepublishers.com/images/user-6.webp]
[knightandnoblepublishers.com/images/footer_logo.png]
[code.jquery.com/jquery-3.2.1.slim.min.js]
[cdn.jsdelivr.net/npm/popper.js@1.12.9/dist/umd/popper.min.js]
[cdn.jsdelivr.net/npm/bootstrap@4.0.0/dist/js/bootstrap.min.js]
[knightandnoblepublishers.com/index.html]
[cdn.jsdelivr.net/npm/bootstrap@4.0.0/dist/css/bootstrap.min.css]
[cdnjs.cloudflare.com/ajax/libs/font-awesome/4.7.0/css/font-awesome.min.css]
[code.jquery.com/jquery-3.6.0.min.js]
[knightandnoblepublishers.com/images/banner-bg.webp]
[knightandnoblepublishers.com/images/check-white.webp]
[knightandnoblepublishers.com/css/main.css]
[knightandnoblepublishers.com/assets/google-font/font.css]
[knightandnoblepublishers.com/assets/css/bootstrap.min.css]
[knightandnoblepublishers.com/assets/css/offcanvas-menu.min.css]
[knightandnoblepublishers.com/images/workflow_back.jpg]
[knightandnoblepublishers.com/images/newsleter_bg.jpg]
[knightandnoblepublishers.com/images/footer_bg.jpg]
[knightandnoblepublishers.com/images/line2.png]
[knightandnoblepublishers.com/assets/css/style.min.css]
[knightandnoblepublishers.com/assets/css/style_common.css]
[knightandnoblepublishers.com/assets/css/style1.css]
[knightandnoblepublishers.com/images/back2.png]
[knightandnoblepublishers.com/images/li_before.png]
[knightandnoblepublishers.com/images/line.png]
[knightandnoblepublishers.com/images/mega-bg.jpg]
[knightandnoblepublishers.com/images/line_white.png]
[knightandnoblepublishers.com/images/hr-white.png]
[knightandnoblepublishers.com/images/back1.jpg]
[knightandnoblepublishers.com/images/testimonial_back.jpg]
[knightandnoblepublishers.com/images/testimonial_right.png]
[knightandnoblepublishers.com/images/testimonial_left.png]
[knightandnoblepublishers.com/images/bg2.jpg]
[knightandnoblepublishers.com/images/newsletter_before.png]
[knightandnoblepublishers.com/images/newsletter_after.png]
[knightandnoblepublishers.com/images/header_ball.png]
[knightandnoblepublishers.com/images/discover2.png]
[knightandnoblepublishers.com/images/about_bar.png]
[knightandnoblepublishers.com/images/liabs_back.png]
[knightandnoblepublishers.com/images/email.png]
[knightandnoblepublishers.com/images/address.png]
[knightandnoblepublishers.com/images/phone.png]
[knightandnoblepublishers.com/assets/css/mystyle.min.css]
[knightandnoblepublishers.com/assets/css/responsive.min.css]
[cdnjs.cloudflare.com/ajax/libs/font-awesome/5.13.0/css/all.min.css]
[knightandnoblepublishers.com/assets/slick/css/slick.min.css]
[knightandnoblepublishers.com/assets/slick/css/slick-theme.min.css]
[knightandnoblepublishers.com/images/about_banner.jpg]
[knightandnoblepublishers.com/images/policies.png]
[knightandnoblepublishers.com/images/location.png]
[knightandnoblepublishers.com/images/people.png]
[knightandnoblepublishers.com/images/manage&develope.png]
[knightandnoblepublishers.com/images/enable&augment.png]
[knightandnoblepublishers.com/images/pub.png]
[knightandnoblepublishers.com/images/share&strengthen.png]
[knightandnoblepublishers.com/images/global_innvoation.png]
[knightandnoblepublishers.com/images/publishing_research.png]
[knightandnoblepublishers.com/images/easily_accessible.png]
[knightandnoblepublishers.com/images/hosting&solution.png]
[knightandnoblepublishers.com/images/partner.png]
[knightandnoblepublishers.com/images/email_send.png]
[knightandnoblepublishers.com/images/newsletter_testimonial.png]
[knightandnoblepublishers.com/assets/js/jquery.min.js]
[knightandnoblepublishers.com/assets/js/bootstrap.min.js]
[knightandnoblepublishers.com/assets/js/slick.min.js]
[knightandnoblepublishers.com/assets/js/script.min.js]
[knightandnoblepublishers.com/about.html]
[knightandnoblepublishers.com/assets/css/new-publicaiton.css]
[knightandnoblepublishers.com/images/jr/banner.png]
[knightandnoblepublishers.com/publication-about.html]
[knightandnoblepublishers.com/images/jr/jr-1.jpg]
[knightandnoblepublishers.com/images/jr/articles.png]
[knightandnoblepublishers.com/publication.html]
[knightandnoblepublishers.com/assets/css/publication.min.css]
[knightandnoblepublishers.com/assets/css/services.min.css]
[knightandnoblepublishers.com/images/service-banner.jpg]
[knightandnoblepublishers.com/images/ss1.png]
[knightandnoblepublishers.com/images/ss_underline.png]
[knightandnoblepublishers.com/images/ss2.png]
[knightandnoblepublishers.com/images/ss3.png]
[knightandnoblepublishers.com/images/ss4.png]
[knightandnoblepublishers.com/images/publication1.png]
[knightandnoblepublishers.com/images/publication2.png]
[knightandnoblepublishers.com/images/publication3.png]
[knightandnoblepublishers.com/images/publication4.png]
[knightandnoblepublishers.com/assets/css/faqs.min.css]
[knightandnoblepublishers.com/service-and-solution.html]
[knightandnoblepublishers.com/assets/css/inner-pages.min.css]
[knightandnoblepublishers.com/images/banner/Edit.jpg]
[knightandnoblepublishers.com/images/distribution_world.png]
[knightandnoblepublishers.com/APC-edit.html]
[knightandnoblepublishers.com/images/banner/Review.jpg]
[knightandnoblepublishers.com/APC-review.html]
[knightandnoblepublishers.com/images/banner/Host.jpg]
[knightandnoblepublishers.com/APC-host.html]
[knightandnoblepublishers.com/images/banner/Manage.jpg]
[knightandnoblepublishers.com/APC-manage.html]
[knightandnoblepublishers.com/images/banner/Advertise.jpg]
[knightandnoblepublishers.com/APC-advertise.html]
[knightandnoblepublishers.com/images/banner/Fund.jpg]
[knightandnoblepublishers.com/APC-funds.html]
[knightandnoblepublishers.com/assets/css/review.min.css]
[knightandnoblepublishers.com/reviews.html]
[knightandnoblepublishers.com/assets/css/resources.min.css]
[knightandnoblepublishers.com/images/resource_banner.jpg]
[knightandnoblepublishers.com/images/rs1.png]
[knightandnoblepublishers.com/images/rs2.png]
[knightandnoblepublishers.com/images/rs3.png]
[knightandnoblepublishers.com/images/rs4.png]
[knightandnoblepublishers.com/images/rs5.png]
[knightandnoblepublishers.com/images/rs6.png]
[knightandnoblepublishers.com/images/rs7.png]
[knightandnoblepublishers.com/images/rs8.png]
[knightandnoblepublishers.com/images/rs9.png]
[knightandnoblepublishers.com/images/rs10.png]
[knightandnoblepublishers.com/images/rs11.png]
[knightandnoblepublishers.com/images/rs12.png]
[knightandnoblepublishers.com/images/rs13.png]
[knightandnoblepublishers.com/images/rs14.png]
[knightandnoblepublishers.com/images/rs15.png]
[knightandnoblepublishers.com/resources.html]
[knightandnoblepublishers.com/assets/css/inner-page-2.min.css]
[knightandnoblepublishers.com/images/banner/Author.jpg]
[knightandnoblepublishers.com/images/s1.png]
[knightandnoblepublishers.com/images/s2.png]
[knightandnoblepublishers.com/images/s3.png]
[knightandnoblepublishers.com/images/s4.png]
[knightandnoblepublishers.com/images/s5.png]
[knightandnoblepublishers.com/images/s6.png]
[knightandnoblepublishers.com/images/s7.png]
[knightandnoblepublishers.com/images/s8.png]
[knightandnoblepublishers.com/for-authors.html]
[knightandnoblepublishers.com/images/banner/Library.jpg]
[knightandnoblepublishers.com/for-librarians.html]
[knightandnoblepublishers.com/images/banner/Conference.jpg]
[knightandnoblepublishers.com/for-conference-organizers.html]
[knightandnoblepublishers.com/images/banner/Industries.jpg]
[knightandnoblepublishers.com/for-industries-institutions.html]
[knightandnoblepublishers.com/images/banner/Developing countrie.jpg]
[knightandnoblepublishers.com/APC-in-developing-countries.html]
[knightandnoblepublishers.com/images/banner/Funds.jpg]
[knightandnoblepublishers.com/funding-opportunities.html]
[knightandnoblepublishers.com/assets/css/distribution.min.css]
[knightandnoblepublishers.com/images/distribution_banner.jpg]
[knightandnoblepublishers.com/images/package.png]
[knightandnoblepublishers.com/distribution.html]
[knightandnoblepublishers.com/assets/css/contact.min.css]
[knightandnoblepublishers.com/images/contact.jpg]
[knightandnoblepublishers.com/contact-us.html]
[seal-newyork.bbb.org/inc/legacy.html]
[seal-newyork.bbb.org/logo/ruhzbum/bbb-87152838.html]
[knightandnoblepublishers.com/images/jr/fourth-bg.jpg]
[knightandnoblepublishers.com/assets/css/new-publicaiton.css]
[knightandnoblepublishers.com/images/publicaiton-bg.jpg]
[knightandnoblepublishers.com/images/pub_left_bar.png]
[knightandnoblepublishers.com/images/pub_underline.png]
[knightandnoblepublishers.com/images/edit-1.png]
[knightandnoblepublishers.com/images/news1.png]
[knightandnoblepublishers.com/images/2.png]
[knightandnoblepublishers.com/images/3.png]
[knightandnoblepublishers.com/images/4.png]
[knightandnoblepublishers.com/images/5.png]
[knightandnoblepublishers.com/images/6.png]
[knightandnoblepublishers.com/assets/css/accordian.min.css]
[knightandnoblepublishers.com/publication-about.html]
[knightandnoblepublishers.com/images/publi-321.jpg]
[knightandnoblepublishers.com/images/re-bg.jpg]
[knightandnoblepublishers.com/assets/css/publication.min.css]
[knightandnoblepublishers.com/assets/css/services.min.css]
[knightandnoblepublishers.com/images/accordion.png]
[knightandnoblepublishers.com/assets/css/faqs.min.css]
[knightandnoblepublishers.com/assets/css/inner-pages.min.css]
[knightandnoblepublishers.com/assets/css/review.min.css]
[knightandnoblepublishers.com/assets/css/resources.min.css]
[knightandnoblepublishers.com/assets/css/inner-page-2.min.css]
[knightandnoblepublishers.com/assets/css/distribution.min.css]
[knightandnoblepublishers.com/images/contact_us_send.png]
[knightandnoblepublishers.com/assets/css/contact.min.css]
[knightandnoblepublishers.com/images/final.html]
[knightandnoblepublishers.com/assets/css/accordian.min.css]
[knightandnoblepublishers.com/js/index.html]
[knightandnoblepublishers.com/images/services-logobar.html]
[knightandnoblepublishers.com/images/fourth.html]
[knightandnoblepublishers.com/images/check.html]
[knightandnoblepublishers.com/images/h2.html]
[knightandnoblepublishers.com/images/banner.html]
[knightandnoblepublishers.com/images/plus.html]
[knightandnoblepublishers.com/images/minus.html]
[knightandnoblepublishers.com/images/testi-bg.html]
[knightandnoblepublishers.com/assets/fonts/glyphicons-halflings-regular.html]
[knightandnoblepublishers.com/assets/fonts/glyphicons-halflings-regulard41d.html]
[knightandnoblepublishers.com/assets/fonts/glyphicons-halflings-regular-2.html]
[knightandnoblepublishers.com/assets/fonts/glyphicons-halflings-regular-3.html]
[knightandnoblepublishers.com/assets/fonts/glyphicons-halflings-regular-4.html]
[knightandnoblepublishers.com/assets/fonts/glyphicons-halflings-regular-5.html]
[knightandnoblepublishers.com/assets/images/pattern.html]
[knightandnoblepublishers.com/assets/images/title-border-1.html]
[knightandnoblepublishers.com/assets/images/title-border-2.html]
[knightandnoblepublishers.com/assets/images/testimonial-bg.html]
[knightandnoblepublishers.com/assets/images/secure-bg.html]
[knightandnoblepublishers.com/assets/images/f-bg.html]
[knightandnoblepublishers.com/assets/images/f3-bg.html]
[knightandnoblepublishers.com/assets/images/f2-bg.html]
[knightandnoblepublishers.com/assets/images/achivement/s2.html]
[knightandnoblepublishers.com/assets/images/achivement/s1.html]
[knightandnoblepublishers.com/assets/images/achivement/s3.html]
[knightandnoblepublishers.com/assets/images/achivement/s4.html]
[knightandnoblepublishers.com/assets/images/about-company-bg.html]
[knightandnoblepublishers.com/assets/images/video-bg.html]
[knightandnoblepublishers.com/assets/images/about-company-bg-2.html]
[knightandnoblepublishers.com/assets/images/header-bg.html]
[knightandnoblepublishers.com/assets/images/sub/t-bg.html]
[knightandnoblepublishers.com/assets/images/sp.html]
[knightandnoblepublishers.com/images/bg2.html]
[knightandnoblepublishers.com/assets/slick/css/fonts/slick.html]
[knightandnoblepublishers.com/assets/slick/css/fonts/slickd41d.html]
[knightandnoblepublishers.com/assets/slick/css/fonts/slick-2.html]
[knightandnoblepublishers.com/assets/slick/css/fonts/slick-3.html]
[knightandnoblepublishers.com/assets/slick/css/fonts/slick-4.html]
[knightandnoblepublishers.com/about-2.html]
[knightandnoblepublishers.com/publication-2.html]
[knightandnoblepublishers.com/distribution-2.html]
[knightandnoblepublishers.com/contact-us-2.html]
[knightandnoblepublishers.com/APC-edit-2.html]
[knightandnoblepublishers.com/APC-review-2.html]
[knightandnoblepublishers.com/APC-host-2.html]
[knightandnoblepublishers.com/APC-manage-2.html]
[knightandnoblepublishers.com/APC-advertise-2.html]
[knightandnoblepublishers.com/for-authors-2.html]
[knightandnoblepublishers.com/for-librarians-2.html]
[knightandnoblepublishers.com/for-conference-organizers-2.html]
[knightandnoblepublishers.com/for-industries-institutions-2.html]
[knightandnoblepublishers.com/funding-opportunities-2.html]
[knightandnoblepublishers.com/terms.html]
[knightandnoblepublishers.com/privacy.html]
[knightandnoblepublishers.com/service-and-solution-2.html]
[knightandnoblepublishers.com/APC-funds-2.html]
[knightandnoblepublishers.com/resources-2.html]
[knightandnoblepublishers.com/APC-in-developing-countries-2.html]
[knightandnoblepublishers.com/images/review-bg.html]
[knightandnoblepublishers.com/assets/css/inner-pages-2.min.html]
[manage.knightandnoblepublishers.com/uploads/journal/5fae6470b094a.html]
[manage.knightandnoblepublishers.com/uploads/journal/5fb3c0bfdf238.html]
[manage.knightandnoblepublishers.com/uploads/journal/5fb3c1329a091.html]
[knightandnoblepublishers.com/images/publication_back.html]
[knightandnoblepublishers.com/assets/css/images/line.html]
[knightandnoblepublishers.com/assets/css/images/contact_us_send.html]
